0 verbose cli C:\Program Files\nodejs\node.exe C:\Program Files\nodejs\node_modules\npm\bin\npm-cli.js
1 info using npm@11.16.0
2 info using node@v24.18.0
3 silly config load:file:C:\Program Files\nodejs\node_modules\npm\npmrc
4 silly config load:file:C:\ceter-technology\.npmrc
5 silly config load:file:C:\Users\kinami\.npmrc
6 silly config load:file:C:\Users\kinami\AppData\Roaming\npm\etc\npmrc
7 verbose title npm install xlsx
8 verbose argv "install" "xlsx" "--package-lock-only" "--ignore-scripts" "--cache" ".npm-cache"
9 verbose logfile logs-max:10 dir:C:\ceter-technology\.npm-cache\_logs\2026-07-10T13_44_44_597Z-
10 verbose logfile C:\ceter-technology\.npm-cache\_logs\2026-07-10T13_44_44_597Z-debug-0.log
11 silly logfile done cleaning log files
12 silly packumentCache heap:2348810240 maxSize:587202560 maxEntrySize:293601280
13 silly idealTree buildDeps
14 silly fetch manifest xlsx@^0.18.5
15 silly packumentCache full:https://registry.npmjs.org/xlsx cache-miss
16 http fetch GET https://registry.npmjs.org/npm attempt 1 failed with EACCES
17 http fetch GET https://registry.npmjs.org/xlsx attempt 1 failed with EACCES
18 http fetch GET https://registry.npmjs.org/npm attempt 2 failed with EACCES
19 http fetch GET https://registry.npmjs.org/xlsx attempt 2 failed with EACCES
20 http fetch GET https://registry.npmjs.org/npm attempt 3 failed with EACCES
21 http fetch GET https://registry.npmjs.org/xlsx attempt 3 failed with EACCES
22 silly placeDep ROOT xlsx@ OK for: ceter-technology@0.1.0 want: ^0.18.5
23 http cache https://registry.npmjs.org/@tailwindcss/oxide-wasm32-wasi/-/oxide-wasm32-wasi-4.3.2.tgz 1ms (cache hit)
24 silly tarball no local data for https://registry.npmjs.org/@tailwindcss/oxide-wasm32-wasi/-/oxide-wasm32-wasi-4.3.2.tgz. Extracting by manifest.
25 http fetch GET https://registry.npmjs.org/@tailwindcss/oxide-wasm32-wasi/-/oxide-wasm32-wasi-4.3.2.tgz attempt 1 failed with EACCES
26 http fetch GET https://registry.npmjs.org/@tailwindcss/oxide-wasm32-wasi/-/oxide-wasm32-wasi-4.3.2.tgz attempt 2 failed with EACCES
